{
  "format": "0.2",
  "project": {
    "name": "Test",
    "type": "plugin/typescript"
  },
  "source": {
    "schema": "./schema.graphql",
    "module": "./src/index.ts"
  }
}