{
  "stdout": "requires property \"include\"",
  "exitCode": 1
}
