[
  "module.wasm",
  "polywrap.json",
  "polywrap.build.json",
  "schema.graphql"
]